******************************************************************************
                  TI ARM Linker PC v20.2.7                     
******************************************************************************
>> Linked Mon Mar 13 09:25:01 2023

OUTPUT FILE NAME:   <Helicopter Project.out>
ENTRY POINT SYMBOL: "_c_int00_noargs"  address: 00001efd


MEMORY CONFIGURATION

         name            origin    length      used     unused   attr    fill
----------------------  --------  ---------  --------  --------  ----  --------
  FLASH                 00000000   00040000  00002362  0003dc9e  R  X
  SRAM                  20000000   00008000  000005ab  00007a55  RW X


SEGMENT ALLOCATION MAP

run origin  load origin   length   init length attrs members
----------  ----------- ---------- ----------- ----- -------
00000000    00000000    00002368   00002368    r-x
  00000000    00000000    0000026c   0000026c    r-- .intvecs
  0000026c    0000026c    00001eda   00001eda    r-x .text
  00002148    00002148    000001cc   000001cc    r-- .const
  00002318    00002318    00000050   00000050    r-- .cinit
20000000    20000000    000005b0   00000000    rw-
  20000000    20000000    0000026c   00000000    rw- .vtable
  20000270    20000270    00000200   00000000    rw- .stack
  20000470    20000470    00000100   00000000    rw- .sysmem
  20000570    20000570    00000023   00000000    rw- .bss
  20000594    20000594    0000001c   00000000    rw- .data


SECTION ALLOCATION MAP

 output                                  attributes/
section   page    origin      length       input sections
--------  ----  ----------  ----------   ----------------
.intvecs   0    00000000    0000026c     
                  00000000    0000026c     tm4c123gh6pm_startup_ccs.obj (.intvecs)

.text      0    0000026c    00001eda     
                  0000026c    00000c84     ustdlib.obj (.text)
                  00000ef0    00000220     buttons4.obj (.text)
                  00001110    00000180     altitude.obj (.text)
                  00001290    00000132     driverlib.lib : gpio.obj (.text:GPIOPadConfigSet)
                  000013c2    00000002     rtsv7M4_T_le_v4SPD16_eabi.lib : _lock.c.obj (.text:_nop)
                  000013c4    00000110     driverlib.lib : sysctl.obj (.text:SysCtlClockGet)
                  000014d4    00000100     rtsv7M4_T_le_v4SPD16_eabi.lib : memory.c.obj (.text:aligned_alloc)
                  000015d4    00000100     main.obj (.text)
                  000016d4    000000f4     driverlib.lib : sysctl.obj (.text:SysCtlClockSet)
                  000017c8    000000e4     rtsv7M4_T_le_v4SPD16_eabi.lib : memory.c.obj (.text:free)
                  000018ac    000000b8     circBufT.obj (.text)
                  00001964    0000009c     rtsv7M4_T_le_v4SPD16_eabi.lib : memcpy_t2.asm.obj (.text)
                  00001a00    0000007a     driverlib.lib : adc.obj (.text:ADCSequenceStepConfigure)
                  00001a7a    0000007a     rtsv7M4_T_le_v4SPD16_eabi.lib : memset_t2.asm.obj (.text)
                  00001af4    00000074     SerialUART.obj (.text)
                  00001b68    00000070     rtsv7M4_T_le_v4SPD16_eabi.lib : memory.c.obj (.text:split)
                  00001bd8    00000068     driverlib.lib : interrupt.obj (.text:IntEnable)
                  00001c40    00000068     rtsv7M4_T_le_v4SPD16_eabi.lib : copy_decompress_lzss.c.obj (.text:decompress:lzss:__TI_decompress_lzss)
                  00001ca8    00000050     driverlib.lib : adc.obj (.text:ADCSequenceConfigure)
                  00001cf8    00000050                   : adc.obj (.text:_ADCIntNumberGet)
                  00001d48    00000048                   : gpio.obj (.text:GPIOPinConfigure)
                  00001d90    00000046                   : uart.obj (.text:UARTConfigSetExpClk)
                  00001dd6    00000002     rtsv7M4_T_le_v4SPD16_eabi.lib : div0.asm.obj (.text)
                  00001dd8    00000044                                   : autoinit.c.obj (.text:__TI_auto_init_nobinit_nopinit:__TI_auto_init_nobinit_nopinit)
                  00001e1c    00000040                                   : u_divt2.asm.obj (.text)
                  00001e5c    00000038                                   : memory.c.obj (.text:calloc)
                  00001e94    00000034     driverlib.lib : interrupt.obj (.text:IntRegister)
                  00001ec8    00000034                   : sysctl.obj (.text:SysCtlPeripheralEnable)
                  00001efc    00000034     rtsv7M4_T_le_v4SPD16_eabi.lib : boot_cortex_m.c.obj (.text:_c_int00_noargs:_c_int00_noargs)
                  00001f30    0000002a     driverlib.lib : gpio.obj (.text:GPIODirModeSet)
                  00001f5a    00000002     --HOLE-- [fill = 0]
                  00001f5c    00000028     rtsv7M4_T_le_v4SPD16_eabi.lib : memory.c.obj (.text:free_list_insert)
                  00001f84    00000020     driverlib.lib : uart.obj (.text:UARTDisable)
                  00001fa4    0000001e                   : adc.obj (.text:ADCSequenceDataGet)
                  00001fc2    00000002     --HOLE-- [fill = 0]
                  00001fc4    0000001c                   : systick.obj (.text:SysTickIntRegister)
                  00001fe0    0000001c     rtsv7M4_T_le_v4SPD16_eabi.lib : copy_zero_init.c.obj (.text:decompress:ZI:__TI_zero_init_nomemset:__TI_zero_init_nomemset)
                  00001ffc    0000001c                                   : memory.c.obj (.text:free_list_remove)
                  00002018    00000018     driverlib.lib : adc.obj (.text:ADCIntRegister)
                  00002030    00000018                   : adc.obj (.text:ADCProcessorTrigger)
                  00002048    00000014                   : systick.obj (.text:SysTickEnable)
                  0000205c    00000014                   : systick.obj (.text:SysTickIntEnable)
                  00002070    00000014                   : uart.obj (.text:UARTEnable)
                  00002084    00000012                   : gpio.obj (.text:GPIOPinTypeGPIOInput)
                  00002096    00000012                   : gpio.obj (.text:GPIOPinTypeUART)
                  000020a8    00000010                   : adc.obj (.text:ADCIntEnable)
                  000020b8    00000010                   : interrupt.obj (.text:IntMasterEnable)
                  000020c8    00000010                   : systick.obj (.text:SysTickPeriodSet)
                  000020d8    0000000e                   : adc.obj (.text:ADCSequenceEnable)
                  000020e6    0000000e     rtsv7M4_T_le_v4SPD16_eabi.lib : copy_decompress_none.c.obj (.text:decompress:none:__TI_decompress_none)
                  000020f4    0000000c     driverlib.lib : cpu.obj (.text:CPUcpsie)
                  00002100    0000000c     tm4c123gh6pm_startup_ccs.obj (.text)
                  0000210c    0000000a     driverlib.lib : adc.obj (.text:ADCIntClear)
                  00002116    0000000a                   : uart.obj (.text:UARTCharPut)
                  00002120    0000000a                   : uart.obj (.text:UARTFIFOEnable)
                  0000212a    00000008     rtsv7M4_T_le_v4SPD16_eabi.lib : memory.c.obj (.text:malloc)
                  00002132    00000006     driverlib.lib : gpio.obj (.text:GPIOPinRead)
                  00002138    00000006                   : sysctl.obj (.text:SysCtlDelay)
                  0000213e    00000004     rtsv7M4_T_le_v4SPD16_eabi.lib : pre_init.c.obj (.text:_system_pre_init)
                  00002142    00000004                                   : exit.c.obj (.text:abort:abort)

.const     0    00002148    000001cc     
                  00002148    00000090     driverlib.lib : gpio.obj (.const:g_pui32GPIOBaseAddrs)
                  000021d8    00000070                   : interrupt.obj (.const)
                  00002248    0000006c                   : sysctl.obj (.const:g_pui32Xtals)
                  000022b4    00000030     ustdlib.obj (.const:g_psDaysToMonth)
                  000022e4    00000018     ustdlib.obj (.const:g_pfExponents)
                  000022fc    00000012     ustdlib.obj (.const:.string)
                  0000230e    00000002     --HOLE-- [fill = 0]
                  00002310    00000004     ustdlib.obj (.const)

.cinit     0    00002318    00000050     
                  00002318    00000015     (.cinit..data.load) [load image, compression = lzss]
                  0000232d    00000003     --HOLE-- [fill = 0]
                  00002330    0000000c     (__TI_handler_table)
                  0000233c    00000004     --HOLE-- [fill = 0]
                  00002340    00000008     (.cinit..bss.load) [load image, compression = zero_init]
                  00002348    00000008     (.cinit..vtable.load) [load image, compression = zero_init]
                  00002350    00000018     (__TI_cinit_table)

.init_array 
*          0    00000000    00000000     UNINITIALIZED

.vtable    0    20000000    0000026c     UNINITIALIZED
                  20000000    0000026c     driverlib.lib : interrupt.obj (.vtable)

.stack     0    20000270    00000200     UNINITIALIZED
                  20000270    00000004     rtsv7M4_T_le_v4SPD16_eabi.lib : boot_cortex_m.c.obj (.stack)
                  20000274    000001fc     --HOLE--

.sysmem    0    20000470    00000100     UNINITIALIZED
                  20000470    00000010     rtsv7M4_T_le_v4SPD16_eabi.lib : memory.c.obj (.sysmem)
                  20000480    000000f0     --HOLE--

.bss       0    20000570    00000023     UNINITIALIZED
                  20000570    00000010     altitude.obj (.bss:g_inBuffer)
                  20000580    00000004     buttons4.obj (.bss:but_count)
                  20000584    00000004     buttons4.obj (.bss:but_flag)
                  20000588    00000004     buttons4.obj (.bss:but_normal)
                  2000058c    00000004     buttons4.obj (.bss:but_state)
                  20000590    00000003     altitude.obj (.bss)

.data      0    20000594    0000001c     UNINITIALIZED
                  20000594    00000008     rtsv7M4_T_le_v4SPD16_eabi.lib : _lock.c.obj (.data:$O1$$)
                  2000059c    00000008                                   : memory.c.obj (.data:$O1$$)
                  200005a4    00000008     main.obj (.data)
                  200005ac    00000004     ustdlib.obj (.data)

__llvm_prf_cnts 
*          0    20000000    00000000     UNINITIALIZED

MODULE SUMMARY

       Module                         code   ro data   rw data
       ------                         ----   -------   -------
    .\
       ustdlib.obj                    3204   94        4      
       tm4c123gh6pm_startup_ccs.obj   12     620       0      
       buttons4.obj                   544    0         16     
       altitude.obj                   384    0         19     
       main.obj                       256    0         8      
       circBufT.obj                   184    0         0      
       SerialUART.obj                 116    0         0      
    +--+------------------------------+------+---------+---------+
       Total:                         4700   714       47     
                                                              
    C:/ti/TivaWare_C_Series-2.1.4.178/driverlib/ccs/Debug/driverlib.lib
       interrupt.obj                  172    112       620    
       sysctl.obj                     574    108       0      
       gpio.obj                       462    144       0      
       adc.obj                        400    0         0      
       uart.obj                       142    0         0      
       systick.obj                    84     0         0      
       cpu.obj                        12     0         0      
    +--+------------------------------+------+---------+---------+
       Total:                         1846   364       620    
                                                              
    C:\ti\ccs1220\ccs\tools\compiler\ti-cgt-arm_20.2.7.LTS\lib\rtsv7M4_T_le_v4SPD16_eabi.lib
       memory.c.obj                   728    0         8      
       memcpy_t2.asm.obj              156    0         0      
       memset_t2.asm.obj              122    0         0      
       copy_decompress_lzss.c.obj     104    0         0      
       autoinit.c.obj                 68     0         0      
       u_divt2.asm.obj                64     0         0      
       boot_cortex_m.c.obj            52     0         0      
       copy_zero_init.c.obj           28     0         0      
       copy_decompress_none.c.obj     14     0         0      
       _lock.c.obj                    2      0         8      
       exit.c.obj                     4      0         0      
       pre_init.c.obj                 4      0         0      
       div0.asm.obj                   2      0         0      
    +--+------------------------------+------+---------+---------+
       Total:                         1348   0         16     
                                                              
       Heap:                          0      0         256    
       Stack:                         0      0         512    
       Linker Generated:              0      73        0      
    +--+------------------------------+------+---------+---------+
       Grand Total:                   7894   1151      1451   


LINKER GENERATED COPY TABLES

__TI_cinit_table @ 00002350 records: 3, size/record: 8, table size: 24
	.data: load addr=00002318, load size=00000015 bytes, run addr=20000594, run size=0000001c bytes, compression=lzss
	.bss: load addr=00002340, load size=00000008 bytes, run addr=20000570, run size=00000023 bytes, compression=zero_init
	.vtable: load addr=00002348, load size=00000008 bytes, run addr=20000000, run size=0000026c bytes, compression=zero_init


LINKER GENERATED HANDLER TABLE

__TI_handler_table @ 00002330 records: 3, size/record: 4, table size: 12
	index: 0, handler: __TI_zero_init
	index: 1, handler: __TI_decompress_lzss
	index: 2, handler: __TI_decompress_none


GLOBAL SYMBOLS: SORTED ALPHABETICALLY BY Name 

address   name                          
-------   ----                          
0000210d  ADCIntClear                   
000020a9  ADCIntEnable                  
00002019  ADCIntRegister                
00002031  ADCProcessorTrigger           
00001ca9  ADCSequenceConfigure          
00001fa5  ADCSequenceDataGet            
000020d9  ADCSequenceEnable             
00001a01  ADCSequenceStepConfigure      
00002143  C$$EXIT                       
000020f5  CPUcpsie                      
00001601  Clock_init                    
00001f31  GPIODirModeSet                
00001291  GPIOPadConfigSet              
00001d49  GPIOPinConfigure              
00002133  GPIOPinRead                   
00002085  GPIOPinTypeGPIOInput          
00002097  GPIOPinTypeUART               
00001bd9  IntEnable                     
000020b9  IntMasterEnable               
00001e95  IntRegister                   
00002101  ResetISR                      
00001b3d  SerialUART_SendInformation    
00001af5  SerialUART_init               
000013c5  SysCtlClockGet                
000016d5  SysCtlClockSet                
00002139  SysCtlDelay                   
00001ec9  SysCtlPeripheralEnable        
00002049  SysTickEnable                 
0000205d  SysTickIntEnable              
00001fc5  SysTickIntRegister            
000015d5  SysTickInterupt_Handler       
000020c9  SysTickPeriodSet              
00002117  UARTCharPut                   
00001d91  UARTConfigSetExpClk           
00001f85  UARTDisable                   
00002071  UARTEnable                    
00002121  UARTFIFOEnable                
20000470  __STACK_END                   
00000200  __STACK_SIZE                  
20000470  __STACK_TOP                   
00000100  __SYSMEM_SIZE                 
00002350  __TI_CINIT_Base               
00002368  __TI_CINIT_Limit              
00002330  __TI_Handler_Table_Base       
0000233c  __TI_Handler_Table_Limit      
00001dd9  __TI_auto_init_nobinit_nopinit
00001c41  __TI_decompress_lzss          
000020e7  __TI_decompress_none          
ffffffff  __TI_pprof_out_hndl           
ffffffff  __TI_prof_data_size           
ffffffff  __TI_prof_data_start          
00000000  __TI_static_base__            
00001fe1  __TI_zero_init_nomemset       
00001dd7  __aeabi_idiv0                 
00001dd7  __aeabi_ldiv0                 
00001a7b  __aeabi_memclr                
00001a7b  __aeabi_memclr4               
00001a7b  __aeabi_memclr8               
00001965  __aeabi_memcpy                
00001965  __aeabi_memcpy4               
00001965  __aeabi_memcpy8               
00001a7d  __aeabi_memset                
00001a7d  __aeabi_memset4               
00001a7d  __aeabi_memset8               
00001e1d  __aeabi_uidiv                 
00001e1d  __aeabi_uidivmod              
ffffffff  __binit__                     
ffffffff  __c_args__                    
UNDEFED   __mpu_init                    
20000270  __stack                       
20000000  __start___llvm_prf_cnts       
20000000  __stop___llvm_prf_cnts        
00001efd  _c_int00_noargs               
20000594  _lock                         
000013c3  _nop                          
20000470  _sys_memory                   
UNDEFED   _system_post_cinit            
0000213f  _system_pre_init              
20000598  _unlock                       
00002143  abort                         
000014d5  aligned_alloc                 
00001181  altitude_get                  
000011f1  altitude_getRaw               
0000122d  altitude_getSamples           
0000112f  altitude_init                 
00001233  altitude_read                 
00001247  altitude_reset                
ffffffff  binit                         
00001e5d  calloc                        
00001093  checkButton                   
000017c9  free                          
0000193f  freeCircBuf                   
20000000  g_pfnRAMVectors               
00000000  g_pfnVectors                  
00000ef1  initButtons                   
000018ad  initCircBuf                   
0000165d  main                          
0000212b  malloc                        
000014d5  memalign                      
00001965  memcpy                        
00001a83  memset                        
0000190b  readCircBuf                   
200005a4  slowTickFlag                  
00001627  slowTick_Handler              
00000751  ulocaltime                    
0000094f  umktime                       
00000fbf  updateButtons                 
00000ec9  urand                         
00000721  usnprintf                     
000006ef  usprintf                      
00000eb9  usrand                        
00000e31  ustrcasecmp                   
00000ea5  ustrcmp                       
00000d35  ustrlen                       
00000d8d  ustrncasecmp                  
00000e45  ustrncmp                      
0000026d  ustrncpy                      
00000d57  ustrstr                       
00000afd  ustrtof                       
000009c5  ustrtoul                      
000002c5  uvsnprintf                    
000018d7  writeCircBuf                  


GLOBAL SYMBOLS: SORTED BY Symbol Address 

address   name                          
-------   ----                          
00000000  __TI_static_base__            
00000000  g_pfnVectors                  
00000100  __SYSMEM_SIZE                 
00000200  __STACK_SIZE                  
0000026d  ustrncpy                      
000002c5  uvsnprintf                    
000006ef  usprintf                      
00000721  usnprintf                     
00000751  ulocaltime                    
0000094f  umktime                       
000009c5  ustrtoul                      
00000afd  ustrtof                       
00000d35  ustrlen                       
00000d57  ustrstr                       
00000d8d  ustrncasecmp                  
00000e31  ustrcasecmp                   
00000e45  ustrncmp                      
00000ea5  ustrcmp                       
00000eb9  usrand                        
00000ec9  urand                         
00000ef1  initButtons                   
00000fbf  updateButtons                 
00001093  checkButton                   
0000112f  altitude_init                 
00001181  altitude_get                  
000011f1  altitude_getRaw               
0000122d  altitude_getSamples           
00001233  altitude_read                 
00001247  altitude_reset                
00001291  GPIOPadConfigSet              
000013c3  _nop                          
000013c5  SysCtlClockGet                
000014d5  aligned_alloc                 
000014d5  memalign                      
000015d5  SysTickInterupt_Handler       
00001601  Clock_init                    
00001627  slowTick_Handler              
0000165d  main                          
000016d5  SysCtlClockSet                
000017c9  free                          
000018ad  initCircBuf                   
000018d7  writeCircBuf                  
0000190b  readCircBuf                   
0000193f  freeCircBuf                   
00001965  __aeabi_memcpy                
00001965  __aeabi_memcpy4               
00001965  __aeabi_memcpy8               
00001965  memcpy                        
00001a01  ADCSequenceStepConfigure      
00001a7b  __aeabi_memclr                
00001a7b  __aeabi_memclr4               
00001a7b  __aeabi_memclr8               
00001a7d  __aeabi_memset                
00001a7d  __aeabi_memset4               
00001a7d  __aeabi_memset8               
00001a83  memset                        
00001af5  SerialUART_init               
00001b3d  SerialUART_SendInformation    
00001bd9  IntEnable                     
00001c41  __TI_decompress_lzss          
00001ca9  ADCSequenceConfigure          
00001d49  GPIOPinConfigure              
00001d91  UARTConfigSetExpClk           
00001dd7  __aeabi_idiv0                 
00001dd7  __aeabi_ldiv0                 
00001dd9  __TI_auto_init_nobinit_nopinit
00001e1d  __aeabi_uidiv                 
00001e1d  __aeabi_uidivmod              
00001e5d  calloc                        
00001e95  IntRegister                   
00001ec9  SysCtlPeripheralEnable        
00001efd  _c_int00_noargs               
00001f31  GPIODirModeSet                
00001f85  UARTDisable                   
00001fa5  ADCSequenceDataGet            
00001fc5  SysTickIntRegister            
00001fe1  __TI_zero_init_nomemset       
00002019  ADCIntRegister                
00002031  ADCProcessorTrigger           
00002049  SysTickEnable                 
0000205d  SysTickIntEnable              
00002071  UARTEnable                    
00002085  GPIOPinTypeGPIOInput          
00002097  GPIOPinTypeUART               
000020a9  ADCIntEnable                  
000020b9  IntMasterEnable               
000020c9  SysTickPeriodSet              
000020d9  ADCSequenceEnable             
000020e7  __TI_decompress_none          
000020f5  CPUcpsie                      
00002101  ResetISR                      
0000210d  ADCIntClear                   
00002117  UARTCharPut                   
00002121  UARTFIFOEnable                
0000212b  malloc                        
00002133  GPIOPinRead                   
00002139  SysCtlDelay                   
0000213f  _system_pre_init              
00002143  C$$EXIT                       
00002143  abort                         
00002330  __TI_Handler_Table_Base       
0000233c  __TI_Handler_Table_Limit      
00002350  __TI_CINIT_Base               
00002368  __TI_CINIT_Limit              
20000000  __start___llvm_prf_cnts       
20000000  __stop___llvm_prf_cnts        
20000000  g_pfnRAMVectors               
20000270  __stack                       
20000470  __STACK_END                   
20000470  __STACK_TOP                   
20000470  _sys_memory                   
20000594  _lock                         
20000598  _unlock                       
200005a4  slowTickFlag                  
ffffffff  __TI_pprof_out_hndl           
ffffffff  __TI_prof_data_size           
ffffffff  __TI_prof_data_start          
ffffffff  __binit__                     
ffffffff  __c_args__                    
ffffffff  binit                         
UNDEFED   __mpu_init                    
UNDEFED   _system_post_cinit            

[122 symbols]
